// Jest Snapshot v1, https://goo.gl/fbAQLP

exports[`should load toml as an object 1`] = `
Object {
  "thing": Array [
    Object {
      "key": "value",
    },
    Object {
      "key": "value 2",
    },
  ],
}
`;
